// Vitest Snapshot v1, https://vitest.dev/guide/snapshot.html

exports[`Recommender > analyze() snapshot test > should produce deterministic output for the sample fixture 1`] = `
[
  {
    "actionTarget": "read_file",
    "description": "File read of "read_file" consumed 6,000 input tokens. Consider specifying line ranges (e.g., offset/limit) to reduce context size.",
    "generatedAt": "2026-01-01T00:00:00.000Z",
    "id": "b4e1b3aecd8c023b",
    "potentialSavingsTokens": 3000,
    "ruleId": "large_file_reads",
    "severity": "critical",
    "sprintId": "sprint-3",
    "storyKey": "27-7",
    "title": "Large file read: read_file",
  },
  {
    "actionTarget": "turn:2",
    "description": "Turn 2 had a context spike with 8,000 input tokens. Top contributors: read_file, bash, list_files. Consider compressing or evicting context before this turn.",
    "generatedAt": "2026-01-01T00:00:00.000Z",
    "id": "cc5c80390f38f302",
    "potentialSavingsTokens": 2400,
    "ruleId": "context_growth_spike",
    "severity": "critical",
    "sprintId": "sprint-3",
    "storyKey": "27-7",
    "title": "Context spike at turn 2",
  },
  {
    "actionTarget": "bash, execute_command, read_file",
    "description": "Overall cache hit rate is 10.5% (below 30% threshold). Worst performing operations: bash, execute_command, read_file. Potential savings if hit rate reached 50%: 5,850 tokens.",
    "generatedAt": "2026-01-01T00:00:00.000Z",
    "id": "18a5766a70bbbeaf",
    "potentialSavingsTokens": 5850,
    "ruleId": "cache_efficiency",
    "severity": "warning",
    "sprintId": "sprint-3",
    "storyKey": "27-7",
    "title": "Low cache hit rate",
  },
  {
    "actionTarget": "file_reads",
    "description": "The "file_reads" category is growing across turns, currently at 45.3% of total tokens (12,000 tokens). This trend suggests increasing context pressure from this source.",
    "generatedAt": "2026-01-01T00:00:00.000Z",
    "id": "d7453c72a553d9a9",
    "potentialSavingsTokens": 2400,
    "ruleId": "growing_categories",
    "severity": "warning",
    "sprintId": "sprint-3",
    "storyKey": "27-7",
    "title": "Growing category: file_reads",
  },
  {
    "actionTarget": "execute_command",
    "description": "Bash command "execute_command" produced 4,000 output tokens. Consider filtering output (e.g., piping to head/grep) to reduce token consumption.",
    "generatedAt": "2026-01-01T00:00:00.000Z",
    "id": "85ab0e6e7bf5eeb0",
    "potentialSavingsTokens": 2000,
    "ruleId": "expensive_bash",
    "severity": "warning",
    "sprintId": "sprint-3",
    "storyKey": "27-7",
    "title": "Expensive bash output: execute_command",
  },
  {
    "actionTarget": "read_file",
    "description": "File read of "read_file" consumed 4,000 input tokens. Consider specifying line ranges (e.g., offset/limit) to reduce context size.",
    "generatedAt": "2026-01-01T00:00:00.000Z",
    "id": "7e4db66c24e8f5e1",
    "potentialSavingsTokens": 2000,
    "ruleId": "large_file_reads",
    "severity": "warning",
    "sprintId": "sprint-3",
    "storyKey": "27-7",
    "title": "Large file read: read_file",
  },
  {
    "actionTarget": "bash",
    "description": "Bash command "bash" produced 3,500 output tokens. Consider filtering output (e.g., piping to head/grep) to reduce token consumption.",
    "generatedAt": "2026-01-01T00:00:00.000Z",
    "id": "e9af576863874675",
    "potentialSavingsTokens": 1750,
    "ruleId": "expensive_bash",
    "severity": "warning",
    "sprintId": "sprint-3",
    "storyKey": "27-7",
    "title": "Expensive bash output: bash",
  },
  {
    "actionTarget": "read:read_file",
    "description": ""read:read_file" was invoked 3 times. Consider caching the result after the first call to avoid redundant token consumption.",
    "generatedAt": "2026-01-01T00:00:00.000Z",
    "id": "aaad1b2ea9b2817c",
    "ruleId": "repeated_tool_calls",
    "severity": "warning",
    "sprintId": "sprint-3",
    "storyKey": "27-7",
    "title": "Repeated tool call: read:read_file",
  },
  {
    "actionTarget": "bash:bash",
    "description": ""bash:bash" was invoked 2 times. Consider caching the result after the first call to avoid redundant token consumption.",
    "generatedAt": "2026-01-01T00:00:00.000Z",
    "id": "fced8484b901dd76",
    "ruleId": "repeated_tool_calls",
    "severity": "warning",
    "sprintId": "sprint-3",
    "storyKey": "27-7",
    "title": "Repeated tool call: bash:bash",
  },
  {
    "actionTarget": "read_file|read",
    "description": ""read_file|read" consumed 12,000 tokens (45.3% of total). Consider reducing the frequency or size of this operation.",
    "generatedAt": "2026-01-01T00:00:00.000Z",
    "id": "1714dd88c47fc579",
    "potentialSavingsTokens": 3600,
    "ruleId": "biggest_consumers",
    "severity": "info",
    "sprintId": "sprint-3",
    "storyKey": "27-7",
    "title": "High token consumer: read_file|read",
  },
  {
    "actionTarget": "conversation_history",
    "description": "The "conversation_history" category is growing across turns, currently at 8.3% of total tokens (2,200 tokens). This trend suggests increasing context pressure from this source.",
    "generatedAt": "2026-01-01T00:00:00.000Z",
    "id": "dfb27342a2cbe62b",
    "potentialSavingsTokens": 440,
    "ruleId": "growing_categories",
    "severity": "info",
    "sprintId": "sprint-3",
    "storyKey": "27-7",
    "title": "Growing category: conversation_history",
  },
  {
    "actionTarget": "claude-haiku-3-5",
    "description": "Model "claude-haiku-3-5" has a cache hit rate of 3.3% vs. "claude-sonnet-4-5" at 11.5% (gap: 8.2 percentage points). Consider routing tasks to the higher-performing model.",
    "generatedAt": "2026-01-01T00:00:00.000Z",
    "id": "fac60dfce88bd18d",
    "ruleId": "per_model_comparison",
    "severity": "info",
    "sprintId": "sprint-3",
    "storyKey": "27-7",
    "title": "Underperforming model: claude-haiku-3-5",
  },
]
`;
